Archive member included to satisfy reference by file (symbol)

/usr/bin/../lib/gcc/arm-none-eabi/7.3.1/thumb/v7-m/libgcc.a(_aeabi_uldivmod.o)
                              hwlib.o (__aeabi_uldivmod)
/usr/bin/../lib/gcc/arm-none-eabi/7.3.1/thumb/v7-m/libgcc.a(_udivmoddi4.o)
                              /usr/bin/../lib/gcc/arm-none-eabi/7.3.1/thumb/v7-m/libgcc.a(_aeabi_uldivmod.o) (__udivmoddi4)
/usr/bin/../lib/gcc/arm-none-eabi/7.3.1/thumb/v7-m/libgcc.a(_dvmd_tls.o)
                              /usr/bin/../lib/gcc/arm-none-eabi/7.3.1/thumb/v7-m/libgcc.a(_aeabi_uldivmod.o) (__aeabi_ldiv0)

Allocating common symbols
Common symbol       size              file

__dso_handle        0x4               bmptk_cortex.o

Discarded input sections

 .group         0x0000000000000000        0xc filled_rectangle.o
 .text          0x0000000000000000        0x0 filled_rectangle.o
 .data          0x0000000000000000        0x0 filled_rectangle.o
 .bss           0x0000000000000000        0x0 filled_rectangle.o
 .text._ZN3due11ad_pin_infoENS_7ad_pinsE
                0x0000000000000000       0x1c filled_rectangle.o
 .text._ZN3due11ad_seq_infoEm
                0x0000000000000000       0x20 filled_rectangle.o
 .text._ZN5hwlib9uart_putcEc
                0x0000000000000000        0x4 filled_rectangle.o
 .text._ZN5hwlib19uart_char_availableEv
                0x0000000000000000        0x4 filled_rectangle.o
 .text._ZN5hwlib9uart_getcEv
                0x0000000000000000        0x4 filled_rectangle.o
 .rodata._ZZN3due11ad_pin_infoENS_7ad_pinsEE17ad_pin_info_array
                0x0000000000000000        0xc filled_rectangle.o
 .rodata._ZZN3due11ad_seq_infoEmE12ad_seq_array
                0x0000000000000000       0x70 filled_rectangle.o
 .group         0x0000000000000000        0x8 rectangle.o
 .group         0x0000000000000000        0xc rectangle.o
 .group         0x0000000000000000        0xc rectangle.o
 .text          0x0000000000000000        0x0 rectangle.o
 .data          0x0000000000000000        0x0 rectangle.o
 .bss           0x0000000000000000        0x0 rectangle.o
 .text._ZN6sam3xa10SystemInitEv
                0x0000000000000000       0x7c rectangle.o
 .text._ZN3due8pin_infoENS_4pinsE
                0x0000000000000000       0x20 rectangle.o
 .text._ZN3due11ad_pin_infoENS_7ad_pinsE
                0x0000000000000000       0x1c rectangle.o
 .text._ZN3due11ad_seq_infoEm
                0x0000000000000000       0x20 rectangle.o
 .text._ZN3due14port_registersEm
                0x0000000000000000       0x54 rectangle.o
 .text._ZN3due12ticks_per_usEv
                0x0000000000000000        0x6 rectangle.o
 .text._ZN3due9now_ticksEv
                0x0000000000000000       0x80 rectangle.o
 .text._ZN5hwlib9uart_putcEc
                0x0000000000000000        0x4 rectangle.o
 .text._ZN5hwlib19uart_char_availableEv
                0x0000000000000000        0x4 rectangle.o
 .text._ZN5hwlib9uart_getcEv
                0x0000000000000000        0x4 rectangle.o
 .bss._ZZN3due9now_ticksEvE4high
                0x0000000000000000        0x8 rectangle.o
 .bss._ZZN3due9now_ticksEvE8last_low
                0x0000000000000000        0x4 rectangle.o
 .bss._ZZN3due9now_ticksEvE9init_done
                0x0000000000000000        0x1 rectangle.o
 .data._ZN6sam3xa15SystemCoreClockE
                0x0000000000000000        0x4 rectangle.o
 .rodata._ZN3due8pin_infoENS_4pinsE.str1.1
                0x0000000000000000       0x37 rectangle.o
 .rodata._ZZN3due11ad_pin_infoENS_7ad_pinsEE17ad_pin_info_array
                0x0000000000000000        0xc rectangle.o
 .rodata._ZZN3due11ad_seq_infoEmE12ad_seq_array
                0x0000000000000000       0x70 rectangle.o
 .rodata._ZZN3due8pin_infoENS_4pinsEE14pin_info_array
                0x0000000000000000       0xa4 rectangle.o
 .group         0x0000000000000000        0x8 images.o
 .group         0x0000000000000000        0x8 images.o
 .group         0x0000000000000000        0x8 images.o
 .group         0x0000000000000000        0x8 images.o
 .group         0x0000000000000000        0x8 images.o
 .group         0x0000000000000000        0x8 images.o
 .group         0x0000000000000000        0x8 images.o
 .group         0x0000000000000000        0xc images.o
 .group         0x0000000000000000        0x8 images.o
 .group         0x0000000000000000        0x8 images.o
 .group         0x0000000000000000        0xc images.o
 .group         0x0000000000000000        0x8 images.o
 .group         0x0000000000000000        0xc images.o
 .group         0x0000000000000000        0xc images.o
 .group         0x0000000000000000        0xc images.o
 .group         0x0000000000000000        0xc images.o
 .group         0x0000000000000000        0xc images.o
 .group         0x0000000000000000        0xc images.o
 .group         0x0000000000000000        0xc images.o
 .group         0x0000000000000000        0xc images.o
 .group         0x0000000000000000        0xc images.o
 .group         0x0000000000000000        0xc images.o
 .text          0x0000000000000000        0x0 images.o
 .data          0x0000000000000000        0x0 images.o
 .bss           0x0000000000000000        0x0 images.o
 .text._ZN5hwlib8terminal25cursor_set_implementationENS_2xyE
                0x0000000000000000        0xc images.o
 .text._ZN5hwlib8terminal5flushEv
                0x0000000000000000        0x2 images.o
 .text._ZN5hwlib8terminal5clearEv
                0x0000000000000000       0x50 images.o
 .text._ZN5hwlib4line4drawERNS_6windowE
                0x0000000000000000       0xb4 images.o
 .text._ZN6sam3xa10SystemInitEv
                0x0000000000000000       0x7c images.o
 .text._ZN3due8pin_infoENS_4pinsE
                0x0000000000000000       0x20 images.o
 .text._ZN3due11ad_pin_infoENS_7ad_pinsE
                0x0000000000000000       0x1c images.o
 .text._ZN3due11ad_seq_infoEm
                0x0000000000000000       0x20 images.o
 .text._ZN3due14port_registersEm
                0x0000000000000000       0x54 images.o
 .text._ZN3due12ticks_per_usEv
                0x0000000000000000        0x6 images.o
 .text._ZN3due9now_ticksEv
                0x0000000000000000       0x80 images.o
 .text._ZN5hwlib9uart_putcEc
                0x0000000000000000        0x4 images.o
 .text._ZN5hwlib19uart_char_availableEv
                0x0000000000000000        0x4 images.o
 .text._ZN5hwlib9uart_getcEv
                0x0000000000000000        0x4 images.o
 .rodata._ZTVN5hwlib4lineE
                0x0000000000000000        0xc images.o
 .bss._ZZN3due9now_ticksEvE4high
                0x0000000000000000        0x8 images.o
 .bss._ZZN3due9now_ticksEvE8last_low
                0x0000000000000000        0x4 images.o
 .bss._ZZN3due9now_ticksEvE9init_done
                0x0000000000000000        0x1 images.o
 .data._ZN6sam3xa15SystemCoreClockE
                0x0000000000000000        0x4 images.o
 .rodata._ZN3due8pin_infoENS_4pinsE.str1.1
                0x0000000000000000       0x37 images.o
 .rodata._ZZN3due11ad_pin_infoENS_7ad_pinsEE17ad_pin_info_array
                0x0000000000000000        0xc images.o
 .rodata._ZZN3due11ad_seq_infoEmE12ad_seq_array
                0x0000000000000000       0x70 images.o
 .rodata._ZZN3due8pin_infoENS_4pinsEE14pin_info_array
                0x0000000000000000       0xa4 images.o
 .group         0x0000000000000000        0x8 hwlib.o
 .group         0x0000000000000000        0x8 hwlib.o
 .group         0x0000000000000000        0x8 hwlib.o
 .group         0x0000000000000000        0x8 hwlib.o
 .group         0x0000000000000000        0x8 hwlib.o
 .group         0x0000000000000000        0x8 hwlib.o
 .group         0x0000000000000000        0x8 hwlib.o
 .group         0x0000000000000000        0x8 hwlib.o
 .group         0x0000000000000000        0x8 hwlib.o
 .group         0x0000000000000000        0x8 hwlib.o
 .group         0x0000000000000000        0x8 hwlib.o
 .group         0x0000000000000000        0x8 hwlib.o
 .group         0x0000000000000000        0x8 hwlib.o
 .group         0x0000000000000000        0x8 hwlib.o
 .group         0x0000000000000000        0x8 hwlib.o
 .group         0x0000000000000000        0x8 hwlib.o
 .group         0x0000000000000000        0x8 hwlib.o
 .group         0x0000000000000000        0x8 hwlib.o
 .group         0x0000000000000000        0x8 hwlib.o
 .group         0x0000000000000000        0x8 hwlib.o
 .group         0x0000000000000000        0x8 hwlib.o
 .group         0x0000000000000000        0x8 hwlib.o
 .group         0x0000000000000000        0x8 hwlib.o
 .group         0x0000000000000000        0x8 hwlib.o
 .group         0x0000000000000000        0x8 hwlib.o
 .group         0x0000000000000000        0x8 hwlib.o
 .group         0x0000000000000000        0x8 hwlib.o
 .group         0x0000000000000000        0x8 hwlib.o
 .group         0x0000000000000000        0x8 hwlib.o
 .group         0x0000000000000000        0x8 hwlib.o
 .group         0x0000000000000000        0x8 hwlib.o
 .group         0x0000000000000000        0x8 hwlib.o
 .group         0x0000000000000000        0x8 hwlib.o
 .group         0x0000000000000000        0x8 hwlib.o
 .group         0x0000000000000000        0x8 hwlib.o
 .group         0x0000000000000000        0x8 hwlib.o
 .group         0x0000000000000000        0x8 hwlib.o
 .group         0x0000000000000000        0x8 hwlib.o
 .group         0x0000000000000000        0x8 hwlib.o
 .group         0x0000000000000000        0x8 hwlib.o
 .group         0x0000000000000000        0x8 hwlib.o
 .group         0x0000000000000000        0x8 hwlib.o
 .group         0x0000000000000000        0x8 hwlib.o
 .group         0x0000000000000000        0x8 hwlib.o
 .group         0x0000000000000000        0x8 hwlib.o
 .group         0x0000000000000000        0x8 hwlib.o
 .group         0x0000000000000000        0x8 hwlib.o
 .group         0x0000000000000000        0x8 hwlib.o
 .group         0x0000000000000000        0x8 hwlib.o
 .group         0x0000000000000000        0x8 hwlib.o
 .group         0x0000000000000000        0x8 hwlib.o
 .group         0x0000000000000000        0x8 hwlib.o
 .group         0x0000000000000000        0x8 hwlib.o
 .group         0x0000000000000000        0x8 hwlib.o
 .group         0x0000000000000000        0x8 hwlib.o
 .group         0x0000000000000000        0x8 hwlib.o
 .group         0x0000000000000000        0x8 hwlib.o
 .group         0x0000000000000000        0x8 hwlib.o
 .group         0x0000000000000000        0x8 hwlib.o
 .group         0x0000000000000000        0x8 hwlib.o
 .group         0x0000000000000000        0x8 hwlib.o
 .group         0x0000000000000000        0x8 hwlib.o
 .group         0x0000000000000000        0x8 hwlib.o
 .group         0x0000000000000000        0x8 hwlib.o
 .group         0x0000000000000000        0x8 hwlib.o
 .group         0x0000000000000000        0x8 hwlib.o
 .group         0x0000000000000000        0x8 hwlib.o
 .group         0x0000000000000000        0x8 hwlib.o
 .group         0x0000000000000000        0x8 hwlib.o
 .group         0x0000000000000000        0x8 hwlib.o
 .group         0x0000000000000000        0x8 hwlib.o
 .group         0x0000000000000000        0x8 hwlib.o
 .group         0x0000000000000000        0x8 hwlib.o
 .group         0x0000000000000000        0x8 hwlib.o
 .group         0x0000000000000000        0x8 hwlib.o
 .group         0x0000000000000000        0x8 hwlib.o
 .group         0x0000000000000000        0x8 hwlib.o
 .group         0x0000000000000000        0x8 hwlib.o
 .group         0x0000000000000000        0x8 hwlib.o
 .group         0x0000000000000000        0x8 hwlib.o
 .group         0x0000000000000000        0x8 hwlib.o
 .group         0x0000000000000000        0x8 hwlib.o
 .group         0x0000000000000000        0x8 hwlib.o
 .group         0x0000000000000000        0x8 hwlib.o
 .group         0x0000000000000000        0x8 hwlib.o
 .group         0x0000000000000000        0x8 hwlib.o
 .group         0x0000000000000000        0x8 hwlib.o
 .group         0x0000000000000000        0x8 hwlib.o
 .group         0x0000000000000000        0x8 hwlib.o
 .group         0x0000000000000000        0x8 hwlib.o
 .group         0x0000000000000000        0x8 hwlib.o
 .group         0x0000000000000000        0x8 hwlib.o
 .group         0x0000000000000000        0x8 hwlib.o
 .group         0x0000000000000000        0x8 hwlib.o
 .group         0x0000000000000000        0x8 hwlib.o
 .group         0x0000000000000000        0x8 hwlib.o
 .group         0x0000000000000000        0x8 hwlib.o
 .group         0x0000000000000000        0x8 hwlib.o
 .group         0x0000000000000000        0x8 hwlib.o
 .group         0x0000000000000000        0x8 hwlib.o
 .group         0x0000000000000000        0x8 hwlib.o
 .group         0x0000000000000000        0x8 hwlib.o
 .group         0x0000000000000000        0x8 hwlib.o
 .group         0x0000000000000000        0x8 hwlib.o
 .group         0x0000000000000000        0x8 hwlib.o
 .group         0x0000000000000000        0x8 hwlib.o
 .group         0x0000000000000000        0x8 hwlib.o
 .group         0x0000000000000000        0x8 hwlib.o
 .group         0x0000000000000000        0x8 hwlib.o
 .group         0x0000000000000000        0x8 hwlib.o
 .group         0x0000000000000000        0x8 hwlib.o
 .group         0x0000000000000000        0x8 hwlib.o
 .group         0x0000000000000000        0x8 hwlib.o
 .group         0x0000000000000000        0x8 hwlib.o
 .group         0x0000000000000000        0x8 hwlib.o
 .group         0x0000000000000000        0x8 hwlib.o
 .group         0x0000000000000000        0x8 hwlib.o
 .group         0x0000000000000000        0x8 hwlib.o
 .group         0x0000000000000000        0x8 hwlib.o
 .group         0x0000000000000000        0x8 hwlib.o
 .group         0x0000000000000000        0x8 hwlib.o
 .group         0x0000000000000000        0x8 hwlib.o
 .group         0x0000000000000000        0x8 hwlib.o
 .group         0x0000000000000000        0x8 hwlib.o
 .group         0x0000000000000000        0x8 hwlib.o
 .group         0x0000000000000000        0x8 hwlib.o
 .group         0x0000000000000000        0x8 hwlib.o
 .group         0x0000000000000000        0x8 hwlib.o
 .group         0x0000000000000000        0x8 hwlib.o
 .group         0x0000000000000000        0x8 hwlib.o
 .group         0x0000000000000000        0x8 hwlib.o
 .group         0x0000000000000000        0x8 hwlib.o
 .group         0x0000000000000000        0x8 hwlib.o
 .group         0x0000000000000000        0x8 hwlib.o
 .group         0x0000000000000000        0x8 hwlib.o
 .group         0x0000000000000000        0x8 hwlib.o
 .group         0x0000000000000000        0x8 hwlib.o
 .group         0x0000000000000000        0x8 hwlib.o
 .group         0x0000000000000000        0x8 hwlib.o
 .group         0x0000000000000000        0x8 hwlib.o
 .group         0x0000000000000000        0x8 hwlib.o
 .group         0x0000000000000000        0x8 hwlib.o
 .group         0x0000000000000000        0x8 hwlib.o
 .group         0x0000000000000000        0x8 hwlib.o
 .group         0x0000000000000000        0x8 hwlib.o
 .group         0x0000000000000000        0x8 hwlib.o
 .group         0x0000000000000000        0x8 hwlib.o
 .group         0x0000000000000000        0x8 hwlib.o
 .group         0x0000000000000000        0x8 hwlib.o
 .group         0x0000000000000000        0x8 hwlib.o
 .group         0x0000000000000000        0x8 hwlib.o
 .group         0x0000000000000000        0x8 hwlib.o
 .group         0x0000000000000000        0x8 hwlib.o
 .group         0x0000000000000000        0x8 hwlib.o
 .group         0x0000000000000000        0x8 hwlib.o
 .group         0x0000000000000000        0x8 hwlib.o
 .group         0x0000000000000000        0x8 hwlib.o
 .group         0x0000000000000000        0x8 hwlib.o
 .group         0x0000000000000000        0x8 hwlib.o
 .group         0x0000000000000000        0x8 hwlib.o
 .group         0x0000000000000000        0x8 hwlib.o
 .group         0x0000000000000000        0x8 hwlib.o
 .group         0x0000000000000000        0x8 hwlib.o
 .group         0x0000000000000000        0x8 hwlib.o
 .group         0x0000000000000000        0x8 hwlib.o
 .group         0x0000000000000000        0x8 hwlib.o
 .group         0x0000000000000000        0x8 hwlib.o
 .group         0x0000000000000000        0x8 hwlib.o
 .group         0x0000000000000000        0x8 hwlib.o
 .group         0x0000000000000000        0x8 hwlib.o
 .group         0x0000000000000000        0x8 hwlib.o
 .group         0x0000000000000000        0x8 hwlib.o
 .group         0x0000000000000000        0x8 hwlib.o
 .group         0x0000000000000000        0x8 hwlib.o
 .group         0x0000000000000000        0x8 hwlib.o
 .group         0x0000000000000000        0x8 hwlib.o
 .group         0x0000000000000000        0x8 hwlib.o
 .group         0x0000000000000000        0x8 hwlib.o
 .group         0x0000000000000000        0x8 hwlib.o
 .group         0x0000000000000000        0x8 hwlib.o
 .group         0x0000000000000000        0x8 hwlib.o
 .group         0x0000000000000000        0x8 hwlib.o
 .group         0x0000000000000000        0xc hwlib.o
 .group         0x0000000000000000        0x8 hwlib.o
 .group         0x0000000000000000        0x8 hwlib.o
 .group         0x0000000000000000        0x8 hwlib.o
 .group         0x0000000000000000        0xc hwlib.o
 .group         0x0000000000000000        0xc hwlib.o
 .group         0x0000000000000000        0x8 hwlib.o
 .group         0x0000000000000000        0xc hwlib.o
 .group         0x0000000000000000        0xc hwlib.o
 .group         0x0000000000000000        0x8 hwlib.o
 .group         0x0000000000000000        0xc hwlib.o
 .group         0x0000000000000000        0xc hwlib.o
 .group         0x0000000000000000        0xc hwlib.o
 .group         0x0000000000000000        0xc hwlib.o
 .group         0x0000000000000000        0xc hwlib.o
 .group         0x0000000000000000        0xc hwlib.o
 .group         0x0000000000000000        0xc hwlib.o
 .group         0x0000000000000000        0xc hwlib.o
 .group         0x0000000000000000        0xc hwlib.o
 .group         0x0000000000000000        0xc hwlib.o
 .group         0x0000000000000000        0xc hwlib.o
 .group         0x0000000000000000        0xc hwlib.o
 .group         0x0000000000000000        0xc hwlib.o
 .group         0x0000000000000000        0xc hwlib.o
 .group         0x0000000000000000        0xc hwlib.o
 .group         0x0000000000000000        0xc hwlib.o
 .group         0x0000000000000000        0xc hwlib.o
 .group         0x0000000000000000        0xc hwlib.o
 .group         0x0000000000000000        0xc hwlib.o
 .group         0x0000000000000000        0xc hwlib.o
 .group         0x0000000000000000        0xc hwlib.o
 .group         0x0000000000000000        0xc hwlib.o
 .group         0x0000000000000000        0xc hwlib.o
 .group         0x0000000000000000        0xc hwlib.o
 .group         0x0000000000000000        0xc hwlib.o
 .group         0x0000000000000000        0xc hwlib.o
 .group         0x0000000000000000        0xc hwlib.o
 .group         0x0000000000000000        0xc hwlib.o
 .group         0x0000000000000000        0xc hwlib.o
 .group         0x0000000000000000        0xc hwlib.o
 .group         0x0000000000000000        0xc hwlib.o
 .group         0x0000000000000000        0xc hwlib.o
 .group         0x0000000000000000        0xc hwlib.o
 .group         0x0000000000000000        0xc hwlib.o
 .group         0x0000000000000000        0xc hwlib.o
 .group         0x0000000000000000        0xc hwlib.o
 .group         0x0000000000000000        0xc hwlib.o
 .group         0x0000000000000000        0xc hwlib.o
 .group         0x0000000000000000        0xc hwlib.o
 .group         0x0000000000000000        0xc hwlib.o
 .group         0x0000000000000000        0xc hwlib.o
 .group         0x0000000000000000        0xc hwlib.o
 .group         0x0000000000000000        0xc hwlib.o
 .group         0x0000000000000000        0xc hwlib.o
 .group         0x0000000000000000        0xc hwlib.o
 .group         0x0000000000000000        0xc hwlib.o
 .group         0x0000000000000000        0xc hwlib.o
 .group         0x0000000000000000        0xc hwlib.o
 .group         0x0000000000000000        0xc hwlib.o
 .group         0x0000000000000000        0xc hwlib.o
 .group         0x0000000000000000        0xc hwlib.o
 .group         0x0000000000000000        0xc hwlib.o
 .group         0x0000000000000000        0xc hwlib.o
 .group         0x0000000000000000        0xc hwlib.o
 .group         0x0000000000000000        0xc hwlib.o
 .group         0x0000000000000000        0xc hwlib.o
 .group         0x0000000000000000        0xc hwlib.o
 .group         0x0000000000000000        0xc hwlib.o
 .text          0x0000000000000000        0x0 hwlib.o
 .data          0x0000000000000000        0x0 hwlib.o
 .bss           0x0000000000000000        0x0 hwlib.o
 .text._ZN5hwlib18pin_in_out_dummy_t5writeEb
                0x0000000000000000        0x2 hwlib.o
 .text._ZN5hwlib18pin_in_out_dummy_t4readEv
                0x0000000000000000        0x4 hwlib.o
 .text._ZN5hwlib18pin_in_out_dummy_t19direction_set_inputEv
                0x0000000000000000        0x2 hwlib.o
 .text._ZN5hwlib18pin_in_out_dummy_t20direction_set_outputEv
                0x0000000000000000        0x2 hwlib.o
 .text._ZN5hwlib18pin_in_out_dummy_t5flushEv
                0x0000000000000000        0x2 hwlib.o
 .text._ZN5hwlib18pin_in_out_dummy_t7refreshEv
                0x0000000000000000        0x2 hwlib.o
 .text._ZN5hwlib18pin_in_out_dummy_t15direction_flushEv
                0x0000000000000000        0x2 hwlib.o
 .text._ZN5hwlib14pin_in_dummy_t4readEv
                0x0000000000000000        0x4 hwlib.o
 .text._ZN5hwlib14pin_in_dummy_t7refreshEv
                0x0000000000000000        0x2 hwlib.o
 .text._ZN5hwlib15pin_out_dummy_t5writeEb
                0x0000000000000000        0x2 hwlib.o
 .text._ZN5hwlib15pin_out_dummy_t5flushEv
                0x0000000000000000        0x2 hwlib.o
 .text._ZN5hwlib14pin_oc_dummy_t5writeEb
                0x0000000000000000        0x2 hwlib.o
 .text._ZN5hwlib14pin_oc_dummy_t4readEv
                0x0000000000000000        0x4 hwlib.o
 .text._ZN5hwlib14pin_oc_dummy_t5flushEv
                0x0000000000000000        0x2 hwlib.o
 .text._ZN5hwlib14pin_oc_dummy_t7refreshEv
                0x0000000000000000        0x2 hwlib.o
 .text._ZN5hwlib17pin_out_from_oc_t5writeEb
                0x0000000000000000        0x8 hwlib.o
 .text._ZN5hwlib17pin_out_from_oc_t5flushEv
                0x0000000000000000        0x8 hwlib.o
 .text._ZN5hwlib18pin_out_from_out_t5writeEb
                0x0000000000000000        0x8 hwlib.o
 .text._ZN5hwlib18pin_out_from_out_t5flushEv
                0x0000000000000000        0x8 hwlib.o
 .text._ZN5hwlib21pin_out_from_in_out_t5writeEb
                0x0000000000000000        0x8 hwlib.o
 .text._ZN5hwlib21pin_out_from_in_out_t5flushEv
                0x0000000000000000        0x8 hwlib.o
 .text._ZN5hwlib16pin_in_from_oc_t4readEv
                0x0000000000000000        0x8 hwlib.o
 .text._ZN5hwlib16pin_in_from_oc_t7refreshEv
                0x0000000000000000        0x8 hwlib.o
 .text._ZN5hwlib16pin_in_from_in_t4readEv
                0x0000000000000000        0x8 hwlib.o
 .text._ZN5hwlib16pin_in_from_in_t7refreshEv
                0x0000000000000000        0x8 hwlib.o
 .text._ZN5hwlib20pin_in_from_in_out_t4readEv
                0x0000000000000000        0x8 hwlib.o
 .text._ZN5hwlib20pin_in_from_in_out_t7refreshEv
                0x0000000000000000        0x8 hwlib.o
 .text._ZN5hwlib20pin_in_out_from_oc_t19direction_set_inputEv
                0x0000000000000000        0xe hwlib.o
 .text._ZN5hwlib20pin_in_out_from_oc_t20direction_set_outputEv
                0x0000000000000000        0x6 hwlib.o
 .text._ZN5hwlib20pin_in_out_from_oc_t4readEv
                0x0000000000000000        0x8 hwlib.o
 .text._ZN5hwlib20pin_in_out_from_oc_t5flushEv
                0x0000000000000000        0x8 hwlib.o
 .text._ZN5hwlib20pin_in_out_from_oc_t7refreshEv
                0x0000000000000000        0x8 hwlib.o
 .text._ZN5hwlib20pin_in_out_from_oc_t15direction_flushEv
                0x0000000000000000        0x8 hwlib.o
 .text._ZN5hwlib24pin_in_out_from_in_out_t19direction_set_inputEv
                0x0000000000000000        0x8 hwlib.o
 .text._ZN5hwlib24pin_in_out_from_in_out_t20direction_set_outputEv
                0x0000000000000000        0x8 hwlib.o
 .text._ZN5hwlib24pin_in_out_from_in_out_t4readEv
                0x0000000000000000        0x8 hwlib.o
 .text._ZN5hwlib24pin_in_out_from_in_out_t5writeEb
                0x0000000000000000        0x8 hwlib.o
 .text._ZN5hwlib24pin_in_out_from_in_out_t5flushEv
                0x0000000000000000        0x8 hwlib.o
 .text._ZN5hwlib24pin_in_out_from_in_out_t7refreshEv
                0x0000000000000000        0x8 hwlib.o
 .text._ZN5hwlib24pin_in_out_from_in_out_t15direction_flushEv
                0x0000000000000000        0x8 hwlib.o
 .text._ZN5hwlib16pin_oc_from_oc_t4readEv
                0x0000000000000000        0x8 hwlib.o
 .text._ZN5hwlib16pin_oc_from_oc_t5writeEb
                0x0000000000000000        0x8 hwlib.o
 .text._ZN5hwlib16pin_oc_from_oc_t5flushEv
                0x0000000000000000        0x8 hwlib.o
 .text._ZN5hwlib16pin_oc_from_oc_t7refreshEv
                0x0000000000000000        0x8 hwlib.o
 .text._ZN5hwlib20pin_oc_from_in_out_t4readEv
                0x0000000000000000        0x8 hwlib.o
 .text._ZN5hwlib20pin_oc_from_in_out_t5flushEv
                0x0000000000000000       0x18 hwlib.o
 .text._ZN5hwlib20pin_oc_from_in_out_t7refreshEv
                0x0000000000000000        0x8 hwlib.o
 .text._ZN5hwlib21pin_invert_from_out_t5writeEb
                0x0000000000000000        0xc hwlib.o
 .text._ZN5hwlib21pin_invert_from_out_t5flushEv
                0x0000000000000000        0x8 hwlib.o
 .text._ZN5hwlib20pin_invert_from_in_t4readEv
                0x0000000000000000       0x12 hwlib.o
 .text._ZN5hwlib20pin_invert_from_in_t7refreshEv
                0x0000000000000000        0x8 hwlib.o
 .text._ZN5hwlib24pin_invert_from_in_out_t4readEv
                0x0000000000000000       0x12 hwlib.o
 .text._ZN5hwlib24pin_invert_from_in_out_t5writeEb
                0x0000000000000000        0xc hwlib.o
 .text._ZN5hwlib24pin_invert_from_in_out_t19direction_set_inputEv
                0x0000000000000000        0x8 hwlib.o
 .text._ZN5hwlib24pin_invert_from_in_out_t20direction_set_outputEv
                0x0000000000000000        0x8 hwlib.o
 .text._ZN5hwlib24pin_invert_from_in_out_t7refreshEv
                0x0000000000000000        0x8 hwlib.o
 .text._ZN5hwlib24pin_invert_from_in_out_t5flushEv
                0x0000000000000000        0x8 hwlib.o
 .text._ZN5hwlib24pin_invert_from_in_out_t15direction_flushEv
                0x0000000000000000        0x8 hwlib.o
 .text._ZN5hwlib20pin_invert_from_oc_t4readEv
                0x0000000000000000       0x12 hwlib.o
 .text._ZN5hwlib20pin_invert_from_oc_t5writeEb
                0x0000000000000000        0xc hwlib.o
 .text._ZN5hwlib20pin_invert_from_oc_t7refreshEv
                0x0000000000000000        0x8 hwlib.o
 .text._ZN5hwlib20pin_invert_from_oc_t5flushEv
                0x0000000000000000        0x8 hwlib.o
 .text._ZN5hwlib18all_from_pin_out_t5writeEb
                0x0000000000000000       0x1e hwlib.o
 .text._ZN5hwlib18all_from_pin_out_t5flushEv
                0x0000000000000000       0x1a hwlib.o
 .text._ZN5hwlib24pin_direct_from_in_out_t5writeEb
                0x0000000000000000       0x18 hwlib.o
 .text._ZN5hwlib24pin_direct_from_in_out_t4readEv
                0x0000000000000000       0x18 hwlib.o
 .text._ZN5hwlib24pin_direct_from_in_out_t19direction_set_inputEv
                0x0000000000000000       0x18 hwlib.o
 .text._ZN5hwlib24pin_direct_from_in_out_t20direction_set_outputEv
                0x0000000000000000       0x18 hwlib.o
 .text._ZN5hwlib24pin_direct_from_in_out_t5flushEv
                0x0000000000000000        0x2 hwlib.o
 .text._ZN5hwlib24pin_direct_from_in_out_t7refreshEv
                0x0000000000000000        0x2 hwlib.o
 .text._ZN5hwlib24pin_direct_from_in_out_t15direction_flushEv
                0x0000000000000000        0x2 hwlib.o
 .text._ZN5hwlib20pin_direct_from_in_t4readEv
                0x0000000000000000       0x18 hwlib.o
 .text._ZN5hwlib20pin_direct_from_in_t7refreshEv
                0x0000000000000000        0x2 hwlib.o
 .text._ZN5hwlib21pin_direct_from_out_t5writeEb
                0x0000000000000000       0x18 hwlib.o
 .text._ZN5hwlib21pin_direct_from_out_t5flushEv
                0x0000000000000000        0x2 hwlib.o
 .text._ZN5hwlib20pin_direct_from_oc_t5writeEb
                0x0000000000000000       0x18 hwlib.o
 .text._ZN5hwlib20pin_direct_from_oc_t4readEv
                0x0000000000000000       0x18 hwlib.o
 .text._ZN5hwlib20pin_direct_from_oc_t5flushEv
                0x0000000000000000        0x2 hwlib.o
 .text._ZN5hwlib20pin_direct_from_oc_t7refreshEv
                0x0000000000000000        0x2 hwlib.o
 .text._ZN5hwlib18port_out_from_oc_t14number_of_pinsEv
                0x0000000000000000        0x8 hwlib.o
 .text._ZN5hwlib18port_out_from_oc_t5writeEj
                0x0000000000000000        0x8 hwlib.o
 .text._ZN5hwlib18port_out_from_oc_t5flushEv
                0x0000000000000000        0x8 hwlib.o
 .text._ZN5hwlib19port_out_from_out_t14number_of_pinsEv
                0x0000000000000000        0x8 hwlib.o
 .text._ZN5hwlib19port_out_from_out_t5writeEj
                0x0000000000000000        0x8 hwlib.o
 .text._ZN5hwlib19port_out_from_out_t5flushEv
                0x0000000000000000        0x8 hwlib.o
 .text._ZN5hwlib22port_out_from_in_out_t14number_of_pinsEv
                0x0000000000000000        0x8 hwlib.o
 .text._ZN5hwlib22port_out_from_in_out_t5writeEj
                0x0000000000000000        0x8 hwlib.o
 .text._ZN5hwlib22port_out_from_in_out_t5flushEv
                0x0000000000000000        0x8 hwlib.o
 .text._ZN5hwlib17port_in_from_oc_t14number_of_pinsEv
                0x0000000000000000        0x8 hwlib.o
 .text._ZN5hwlib17port_in_from_oc_t4readEv
                0x0000000000000000        0x8 hwlib.o
 .text._ZN5hwlib17port_in_from_oc_t7refreshEv
                0x0000000000000000        0x8 hwlib.o
 .text._ZN5hwlib17port_in_from_in_t14number_of_pinsEv
                0x0000000000000000        0x8 hwlib.o
 .text._ZN5hwlib17port_in_from_in_t4readEv
                0x0000000000000000        0x8 hwlib.o
 .text._ZN5hwlib17port_in_from_in_t7refreshEv
                0x0000000000000000        0x8 hwlib.o
 .text._ZN5hwlib21port_in_from_in_out_t14number_of_pinsEv
                0x0000000000000000        0x8 hwlib.o
 .text._ZN5hwlib21port_in_from_in_out_t4readEv
                0x0000000000000000        0x8 hwlib.o
 .text._ZN5hwlib21port_in_from_in_out_t7refreshEv
                0x0000000000000000        0x8 hwlib.o
 .text._ZN5hwlib21port_in_out_from_oc_t14number_of_pinsEv
                0x0000000000000000        0x8 hwlib.o
 .text._ZN5hwlib21port_in_out_from_oc_t19direction_set_inputEv
                0x0000000000000000        0xe hwlib.o
 .text._ZN5hwlib21port_in_out_from_oc_t20direction_set_outputEv
                0x0000000000000000        0x6 hwlib.o
 .text._ZN5hwlib21port_in_out_from_oc_t4readEv
                0x0000000000000000        0x8 hwlib.o
 .text._ZN5hwlib21port_in_out_from_oc_t5flushEv
                0x0000000000000000        0x8 hwlib.o
 .text._ZN5hwlib21port_in_out_from_oc_t7refreshEv
                0x0000000000000000        0x8 hwlib.o
 .text._ZN5hwlib21port_in_out_from_oc_t15direction_flushEv
                0x0000000000000000        0x8 hwlib.o
 .text._ZN5hwlib25port_in_out_from_in_out_t14number_of_pinsEv
                0x0000000000000000        0x8 hwlib.o
 .text._ZN5hwlib25port_in_out_from_in_out_t19direction_set_inputEv
                0x0000000000000000        0x8 hwlib.o
 .text._ZN5hwlib25port_in_out_from_in_out_t20direction_set_outputEv
                0x0000000000000000        0x8 hwlib.o
 .text._ZN5hwlib25port_in_out_from_in_out_t4readEv
                0x0000000000000000        0x8 hwlib.o
 .text._ZN5hwlib25port_in_out_from_in_out_t5writeEj
                0x0000000000000000        0x8 hwlib.o
 .text._ZN5hwlib25port_in_out_from_in_out_t5flushEv
                0x0000000000000000        0x8 hwlib.o
 .text._ZN5hwlib25port_in_out_from_in_out_t7refreshEv
                0x0000000000000000        0x8 hwlib.o
 .text._ZN5hwlib25port_in_out_from_in_out_t15direction_flushEv
                0x0000000000000000        0x8 hwlib.o
 .text._ZN5hwlib17port_oc_from_oc_t14number_of_pinsEv
                0x0000000000000000        0x8 hwlib.o
 .text._ZN5hwlib17port_oc_from_oc_t4readEv
                0x0000000000000000        0x8 hwlib.o
 .text._ZN5hwlib17port_oc_from_oc_t5writeEj
                0x0000000000000000        0x8 hwlib.o
 .text._ZN5hwlib17port_oc_from_oc_t5flushEv
                0x0000000000000000        0x8 hwlib.o
 .text._ZN5hwlib17port_oc_from_oc_t7refreshEv
                0x0000000000000000        0x8 hwlib.o
 .text._ZN5hwlib23port_in_out_from_pins_t14number_of_pinsEv
                0x0000000000000000        0x4 hwlib.o
 .text._ZN5hwlib23port_in_out_from_pins_t19direction_set_inputEv
                0x0000000000000000       0x20 hwlib.o
 .text._ZN5hwlib23port_in_out_from_pins_t20direction_set_outputEv
                0x0000000000000000       0x20 hwlib.o
 .text._ZN5hwlib23port_in_out_from_pins_t15direction_flushEv
                0x0000000000000000       0x20 hwlib.o
 .text._ZN5hwlib23port_in_out_from_pins_t4readEv
                0x0000000000000000       0x2a hwlib.o
 .text._ZN5hwlib23port_in_out_from_pins_t7refreshEv
                0x0000000000000000       0x20 hwlib.o
 .text._ZN5hwlib23port_in_out_from_pins_t5writeEj
                0x0000000000000000       0x28 hwlib.o
 .text._ZN5hwlib23port_in_out_from_pins_t5flushEv
                0x0000000000000000       0x20 hwlib.o
 .text._ZN5hwlib19port_in_from_pins_t14number_of_pinsEv
                0x0000000000000000        0x4 hwlib.o
 .text._ZN5hwlib19port_in_from_pins_t4readEv
                0x0000000000000000       0x2a hwlib.o
 .text._ZN5hwlib19port_in_from_pins_t7refreshEv
                0x0000000000000000       0x20 hwlib.o
 .text._ZN5hwlib20port_out_from_pins_t14number_of_pinsEv
                0x0000000000000000        0x4 hwlib.o
 .text._ZN5hwlib20port_out_from_pins_t5writeEj
                0x0000000000000000       0x28 hwlib.o
 .text._ZN5hwlib20port_out_from_pins_t5flushEv
                0x0000000000000000       0x20 hwlib.o
 .text._ZN5hwlib23port_out_from_pins_oc_t14number_of_pinsEv
                0x0000000000000000        0x4 hwlib.o
 .text._ZN5hwlib23port_out_from_pins_oc_t5writeEj
                0x0000000000000000       0x28 hwlib.o
 .text._ZN5hwlib23port_out_from_pins_oc_t5flushEv
                0x0000000000000000       0x20 hwlib.o
 .text._ZN5hwlib19port_oc_from_pins_t14number_of_pinsEv
                0x0000000000000000        0x4 hwlib.o
 .text._ZN5hwlib19port_oc_from_pins_t4readEv
                0x0000000000000000       0x2a hwlib.o
 .text._ZN5hwlib19port_oc_from_pins_t5writeEj
                0x0000000000000000       0x28 hwlib.o
 .text._ZN5hwlib19port_oc_from_pins_t7refreshEv
                0x0000000000000000       0x20 hwlib.o
 .text._ZN5hwlib19port_oc_from_pins_t5flushEv
                0x0000000000000000       0x20 hwlib.o
 .text._ZN5hwlib25port_invert_from_in_out_t19direction_set_inputEv
                0x0000000000000000        0x8 hwlib.o
 .text._ZN5hwlib25port_invert_from_in_out_t20direction_set_outputEv
                0x0000000000000000        0x8 hwlib.o
 .text._ZN5hwlib25port_invert_from_in_out_t14number_of_pinsEv
                0x0000000000000000        0x8 hwlib.o
 .text._ZN5hwlib25port_invert_from_in_out_t4readEv
                0x0000000000000000        0xe hwlib.o
 .text._ZN5hwlib25port_invert_from_in_out_t7refreshEv
                0x0000000000000000        0x8 hwlib.o
 .text._ZN5hwlib25port_invert_from_in_out_t5writeEj
                0x0000000000000000        0xa hwlib.o
 .text._ZN5hwlib25port_invert_from_in_out_t5flushEv
                0x0000000000000000        0x8 hwlib.o
 .text._ZN5hwlib25port_invert_from_in_out_t15direction_flushEv
                0x0000000000000000        0x8 hwlib.o
 .text._ZN5hwlib21port_invert_from_in_t14number_of_pinsEv
                0x0000000000000000        0x8 hwlib.o
 .text._ZN5hwlib21port_invert_from_in_t4readEv
                0x0000000000000000        0xe hwlib.o
 .text._ZN5hwlib21port_invert_from_in_t7refreshEv
                0x0000000000000000        0x8 hwlib.o
 .text._ZN5hwlib22port_invert_from_out_t14number_of_pinsEv
                0x0000000000000000        0x8 hwlib.o
 .text._ZN5hwlib22port_invert_from_out_t5writeEj
                0x0000000000000000        0xa hwlib.o
 .text._ZN5hwlib22port_invert_from_out_t5flushEv
                0x0000000000000000        0x8 hwlib.o
 .text._ZN5hwlib21port_invert_from_oc_t14number_of_pinsEv
                0x0000000000000000        0x8 hwlib.o
 .text._ZN5hwlib21port_invert_from_oc_t4readEv
                0x0000000000000000        0xe hwlib.o
 .text._ZN5hwlib21port_invert_from_oc_t7refreshEv
                0x0000000000000000        0x8 hwlib.o
 .text._ZN5hwlib21port_invert_from_oc_t5writeEj
                0x0000000000000000        0xa hwlib.o
 .text._ZN5hwlib21port_invert_from_oc_t5flushEv
                0x0000000000000000        0x8 hwlib.o
 .text._ZN5hwlib19all_from_port_out_t5writeEb
                0x0000000000000000       0x12 hwlib.o
 .text._ZN5hwlib19all_from_port_out_t5flushEv
                0x0000000000000000        0x8 hwlib.o
 .text._ZN5hwlib25port_direct_from_in_out_t14number_of_pinsEv
                0x0000000000000000        0x8 hwlib.o
 .text._ZN5hwlib25port_direct_from_in_out_t5writeEj
                0x0000000000000000       0x18 hwlib.o
 .text._ZN5hwlib25port_direct_from_in_out_t4readEv
                0x0000000000000000       0x18 hwlib.o
 .text._ZN5hwlib25port_direct_from_in_out_t19direction_set_inputEv
                0x0000000000000000       0x18 hwlib.o
 .text._ZN5hwlib25port_direct_from_in_out_t20direction_set_outputEv
                0x0000000000000000       0x18 hwlib.o
 .text._ZN5hwlib25port_direct_from_in_out_t5flushEv
                0x0000000000000000        0x2 hwlib.o
 .text._ZN5hwlib25port_direct_from_in_out_t7refreshEv
                0x0000000000000000        0x2 hwlib.o
 .text._ZN5hwlib25port_direct_from_in_out_t15direction_flushEv
                0x0000000000000000        0x2 hwlib.o
 .text._ZN5hwlib21port_direct_from_in_t14number_of_pinsEv
                0x0000000000000000        0x8 hwlib.o
 .text._ZN5hwlib21port_direct_from_in_t4readEv
                0x0000000000000000       0x18 hwlib.o
 .text._ZN5hwlib21port_direct_from_in_t7refreshEv
                0x0000000000000000        0x2 hwlib.o
 .text._ZN5hwlib22port_direct_from_out_t14number_of_pinsEv
                0x0000000000000000        0x8 hwlib.o
 .text._ZN5hwlib22port_direct_from_out_t5writeEj
                0x0000000000000000       0x18 hwlib.o
 .text._ZN5hwlib22port_direct_from_out_t5flushEv
                0x0000000000000000        0x2 hwlib.o
 .text._ZN5hwlib21port_direct_from_oc_t14number_of_pinsEv
                0x0000000000000000        0x8 hwlib.o
 .text._ZN5hwlib21port_direct_from_oc_t5writeEj
                0x0000000000000000       0x18 hwlib.o
 .text._ZN5hwlib21port_direct_from_oc_t4readEv
                0x0000000000000000       0x18 hwlib.o
 .text._ZN5hwlib21port_direct_from_oc_t5flushEv
                0x0000000000000000        0x2 hwlib.o
 .text._ZN5hwlib21port_direct_from_oc_t7refreshEv
                0x0000000000000000        0x2 hwlib.o
 .text._ZN5hwlib7istream11getc_nowaitEv
                0x0000000000000000       0x1a hwlib.o
 .text._ZN5hwlib20cout_using_uart_putc5flushEv
                0x0000000000000000        0x2 hwlib.o
 .text._ZN5hwlib20pin_in_out_from_oc_t5writeEb
                0x0000000000000000        0xe hwlib.o
 .text._ZN5hwlib20pin_oc_from_in_out_t5writeEb
                0x0000000000000000       0x26 hwlib.o
 .text._ZN5hwlib21port_in_out_from_oc_t5writeEj
                0x0000000000000000        0xe hwlib.o
 .text._ZN5hwlib21pin_out_from_in_out_tC2ERNS_10pin_in_outE
                0x0000000000000000       0x24 hwlib.o
 .text._ZN5hwlib12pin_out_fromERNS_6pin_ocE
                0x0000000000000000        0xc hwlib.o
 .text._ZN5hwlib12pin_out_fromERNS_7pin_outE
                0x0000000000000000        0xc hwlib.o
 .text._ZN5hwlib12pin_out_fromERNS_10pin_in_outE
                0x0000000000000000        0xc hwlib.o
 .text._ZN5hwlib11pin_in_fromERNS_6pin_inE
                0x0000000000000000        0xc hwlib.o
 .text._ZN5hwlib11pin_in_fromERNS_10pin_in_outE
                0x0000000000000000       0x24 hwlib.o
 .text._ZN5hwlib11pin_in_fromERNS_6pin_ocE
                0x0000000000000000       0x28 hwlib.o
 .text._ZN5hwlib15pin_in_out_fromERNS_6pin_ocE
                0x0000000000000000        0xc hwlib.o
 .text._ZN5hwlib15pin_in_out_fromERNS_10pin_in_outE
                0x0000000000000000        0xc hwlib.o
 .text._ZN5hwlib11pin_oc_fromERNS_6pin_ocE
                0x0000000000000000        0xc hwlib.o
 .text._ZN5hwlib11pin_oc_fromERNS_10pin_in_outE
                0x0000000000000000        0xc hwlib.o
 .text._ZN5hwlib6invertERNS_7pin_outE
                0x0000000000000000        0xc hwlib.o
 .text._ZN5hwlib6invertERNS_6pin_inE
                0x0000000000000000        0xc hwlib.o
 .text._ZN5hwlib6invertERNS_10pin_in_outE
                0x0000000000000000        0xc hwlib.o
 .text._ZN5hwlib6invertERNS_6pin_ocE
                0x0000000000000000        0xc hwlib.o
 .text._ZN5hwlib3allERNS_7pin_outES1_S1_S1_S1_S1_S1_S1_S1_S1_S1_S1_S1_S1_S1_S1_
                0x0000000000000000       0x48 hwlib.o
 .text._ZN5hwlib6directERNS_7pin_outE
                0x0000000000000000        0xc hwlib.o
 .text._ZN5hwlib6directERNS_6pin_inE
                0x0000000000000000        0xc hwlib.o
 .text._ZN5hwlib6directERNS_10pin_in_outE
                0x0000000000000000        0xc hwlib.o
 .text._ZN5hwlib6directERNS_6pin_ocE
                0x0000000000000000        0xc hwlib.o
 .text._ZN5hwlib22port_out_from_in_out_tC2ERNS_11port_in_outE
                0x0000000000000000       0x24 hwlib.o
 .text._ZN5hwlib13port_out_fromERNS_7port_ocE
                0x0000000000000000        0xc hwlib.o
 .text._ZN5hwlib13port_out_fromERNS_8port_outE
                0x0000000000000000        0xc hwlib.o
 .text._ZN5hwlib13port_out_fromERNS_11port_in_outE
                0x0000000000000000        0xc hwlib.o
 .text._ZN5hwlib12port_in_fromERNS_7port_inE
                0x0000000000000000        0xc hwlib.o
 .text._ZN5hwlib12port_in_fromERNS_11port_in_outE
                0x0000000000000000       0x24 hwlib.o
 .text._ZN5hwlib12port_in_fromERNS_7port_ocE
                0x0000000000000000       0x28 hwlib.o
 .text._ZN5hwlib16port_in_out_fromERNS_7port_ocE
                0x0000000000000000        0xc hwlib.o
 .text._ZN5hwlib16port_in_out_fromERNS_11port_in_outE
                0x0000000000000000        0xc hwlib.o
 .text._ZN5hwlib12port_oc_fromERNS_7port_ocE
                0x0000000000000000        0xc hwlib.o
 .text._ZN5hwlib16port_in_out_fromERNS_10pin_in_outES1_S1_S1_S1_S1_S1_S1_S1_S1_S1_S1_S1_S1_S1_S1_
                0x0000000000000000       0x68 hwlib.o
 .text._ZN5hwlib13port_out_fromERNS_6pin_ocES1_S1_S1_S1_S1_S1_S1_S1_S1_S1_S1_S1_S1_S1_S1_
                0x0000000000000000       0x68 hwlib.o
 .text._ZN5hwlib13port_out_fromERNS_7pin_outES1_S1_S1_S1_S1_S1_S1_S1_S1_S1_S1_S1_S1_S1_S1_
                0x0000000000000000       0x68 hwlib.o
 .text._ZN5hwlib12port_in_fromERNS_6pin_inES1_S1_S1_S1_S1_S1_S1_S1_S1_S1_S1_S1_S1_S1_S1_
                0x0000000000000000       0x68 hwlib.o
 .text._ZN5hwlib12port_oc_fromERNS_6pin_ocES1_S1_S1_S1_S1_S1_S1_S1_S1_S1_S1_S1_S1_S1_S1_
                0x0000000000000000       0x68 hwlib.o
 .text._ZN5hwlib6invertERNS_8port_outE
                0x0000000000000000        0xc hwlib.o
 .text._ZN5hwlib6invertERNS_7port_inE
                0x0000000000000000        0xc hwlib.o
 .text._ZN5hwlib6invertERNS_11port_in_outE
                0x0000000000000000        0xc hwlib.o
 .text._ZN5hwlib6invertERNS_7port_ocE
                0x0000000000000000        0xc hwlib.o
 .text._ZN5hwlib3allERNS_8port_outE
                0x0000000000000000        0xc hwlib.o
 .text._ZN5hwlib6directERNS_8port_outE
                0x0000000000000000        0xc hwlib.o
 .text._ZN5hwlib6directERNS_7port_inE
                0x0000000000000000        0xc hwlib.o
 .text._ZN5hwlib6directERNS_11port_in_outE
                0x0000000000000000        0xc hwlib.o
 .text._ZN5hwlib6directERNS_7port_ocE
                0x0000000000000000        0xc hwlib.o
 .text._ZN5hwlib7ostreamlsEc
                0x0000000000000000        0xe hwlib.o
 .text._ZN5hwliblsERNS_7ostreamEPKc
                0x0000000000000000       0x66 hwlib.o
 .text._ZN5hwliblsERNS_7ostreamEi
                0x0000000000000000       0xce hwlib.o
 .text._ZN5hwliblsERNS_7ostreamENS_2xyE
                0x0000000000000000       0x38 hwlib.o
 .text._ZN5hwlib6strlenEPKc
                0x0000000000000000       0x10 hwlib.o
 .text._ZN5hwlib8test_endEv
                0x0000000000000000       0x58 hwlib.o
 .text._ZN5hwliblsERNS_7ostreamERKNS_5colorE
                0x0000000000000000       0x54 hwlib.o
 .text._ZN5hwlib6window5writeENS_2xyENS_5colorE
                0x0000000000000000       0x3e hwlib.o
 .text._ZN5hwlib6circle4drawERNS_6windowE
                0x0000000000000000      0x18a hwlib.o
 .text._ZN5hwlib4line4drawERNS_6windowE
                0x0000000000000000       0xb4 hwlib.o
 .text._ZN5hwlib4randEv
                0x0000000000000000       0x20 hwlib.o
 .text._ZN5hwlib15random_in_rangeEjj
                0x0000000000000000       0x1a hwlib.o
 .text._ZN6sam3xa10SystemInitEv
                0x0000000000000000       0x7c hwlib.o
 .text._ZN3due8pin_infoENS_4pinsE
                0x0000000000000000       0x20 hwlib.o
 .text._ZN3due11ad_pin_infoENS_7ad_pinsE
                0x0000000000000000       0x1c hwlib.o
 .text._ZN3due11ad_seq_infoEm
                0x0000000000000000       0x20 hwlib.o
 .text._ZN3due14port_registersEm
                0x0000000000000000       0x54 hwlib.o
 .text._ZN3due12ticks_per_usEv
                0x0000000000000000        0x6 hwlib.o
 .text._ZN3due9now_ticksEv
                0x0000000000000000       0x80 hwlib.o
 .text._ZN3due9uart_initEv
                0x0000000000000000       0x60 hwlib.o
 .text._ZN3due19uart_char_availableEv
                0x0000000000000000       0x18 hwlib.o
 .text._ZN3due9uart_getcEv
                0x0000000000000000       0x18 hwlib.o
 .text._ZN3due9uart_putcEc
                0x0000000000000000       0x1c hwlib.o
 .text._ZN5hwlib9uart_putcEc
                0x0000000000000000        0x4 hwlib.o
 .text._ZN5hwlib20cout_using_uart_putc4putcEc
                0x0000000000000000        0xa hwlib.o
 .text._ZN5hwlib19uart_char_availableEv
                0x0000000000000000        0x4 hwlib.o
 .text._ZN5hwlib19cin_using_uart_getc14char_availableEv
                0x0000000000000000        0x8 hwlib.o
 .text._ZN5hwlib9uart_getcEv
                0x0000000000000000        0x4 hwlib.o
 .text._ZN5hwlib19cin_using_uart_getc4getcEv
                0x0000000000000000        0x8 hwlib.o
 .text._ZN5hwlib9now_ticksEv
                0x0000000000000000        0x8 hwlib.o
 .text._ZN5hwlib12ticks_per_usEv
                0x0000000000000000        0x8 hwlib.o
 .text._ZN5hwlib12wait_ns_busyEi
                0x0000000000000000       0x14 hwlib.o
 .text._ZN5hwlib7wait_nsEi
                0x0000000000000000        0x8 hwlib.o
 .text._ZN5hwlib24uart_getc_bit_banged_pinERNS_6pin_inE
                0x0000000000000000       0x72 hwlib.o
 .text._ZN5hwlib5blinkERNS_7pin_outEj
                0x0000000000000000       0x38 hwlib.o
 .text._ZN5hwlib5blinkERNS_10pin_in_outEj
                0x0000000000000000       0x14 hwlib.o
 .text._ZN5hwlib5blinkERNS_6pin_ocEj
                0x0000000000000000       0x14 hwlib.o
 .text._ZN5hwlib5blinkERNS_7pin_outEjj
                0x0000000000000000       0x42 hwlib.o
 .text._ZN5hwlib5blinkERNS_6pin_ocEjj
                0x0000000000000000       0x18 hwlib.o
 .text._ZN5hwlib5blinkERNS_10pin_in_outEjj
                0x0000000000000000       0x1c hwlib.o
 .text._ZN5hwlib4kittERNS_8port_outEj
                0x0000000000000000       0x50 hwlib.o
 .text._ZN5hwlib4kittERNS_11port_in_outEj
                0x0000000000000000       0x14 hwlib.o
 .text._ZN5hwlib4kittERNS_7port_ocEj
                0x0000000000000000       0x14 hwlib.o
 .text._ZN5hwlib5snakeERNS_8port_outEj
                0x0000000000000000       0x30 hwlib.o
 .text._ZN5hwlib5snakeERNS_11port_in_outEj
                0x0000000000000000       0x14 hwlib.o
 .text._ZN5hwlib5snakeERNS_7port_ocEj
                0x0000000000000000       0x14 hwlib.o
 .text._ZN5hwlib14scrolling_textERNS_8terminalEPKcjjj
                0x0000000000000000       0x64 hwlib.o
 .text._ZN5hwlib12dac_triangleERNS_3dacEj
                0x0000000000000000       0x36 hwlib.o
 .text._ZN5hwlib21graphics_random_linesERNS_6windowEj
                0x0000000000000000      0x104 hwlib.o
 .text._ZN5hwlib23graphics_random_circlesERNS_6windowEj
                0x0000000000000000       0x8c hwlib.o
 .text._ZN5hwlib24uart_putc_bit_banged_pinEcRNS_7pin_outE
                0x0000000000000000       0x5c hwlib.o
 .rodata._ZTVN5hwlib18pin_in_out_dummy_tE
                0x0000000000000000       0x24 hwlib.o
 .rodata._ZTVN5hwlib14pin_in_dummy_tE
                0x0000000000000000       0x10 hwlib.o
 .rodata._ZTVN5hwlib15pin_out_dummy_tE
                0x0000000000000000       0x10 hwlib.o
 .rodata._ZTVN5hwlib14pin_oc_dummy_tE
                0x0000000000000000       0x18 hwlib.o
 .rodata._ZTVN5hwlib17pin_out_from_oc_tE
                0x0000000000000000       0x10 hwlib.o
 .rodata._ZTVN5hwlib18pin_out_from_out_tE
                0x0000000000000000       0x10 hwlib.o
 .rodata._ZTVN5hwlib21pin_out_from_in_out_tE
                0x0000000000000000       0x10 hwlib.o
 .rodata._ZTVN5hwlib16pin_in_from_oc_tE
                0x0000000000000000       0x10 hwlib.o
 .rodata._ZTVN5hwlib16pin_in_from_in_tE
                0x0000000000000000       0x10 hwlib.o
 .rodata._ZTVN5hwlib20pin_in_from_in_out_tE
                0x0000000000000000       0x10 hwlib.o
 .rodata._ZTVN5hwlib20pin_in_out_from_oc_tE
                0x0000000000000000       0x24 hwlib.o
 .rodata._ZTVN5hwlib24pin_in_out_from_in_out_tE
                0x0000000000000000       0x24 hwlib.o
 .rodata._ZTVN5hwlib16pin_oc_from_oc_tE
                0x0000000000000000       0x18 hwlib.o
 .rodata._ZTVN5hwlib20pin_oc_from_in_out_tE
                0x0000000000000000       0x18 hwlib.o
 .rodata._ZTVN5hwlib21pin_invert_from_out_tE
                0x0000000000000000       0x10 hwlib.o
 .rodata._ZTVN5hwlib20pin_invert_from_in_tE
                0x0000000000000000       0x10 hwlib.o
 .rodata._ZTVN5hwlib24pin_invert_from_in_out_tE
                0x0000000000000000       0x24 hwlib.o
 .rodata._ZTVN5hwlib20pin_invert_from_oc_tE
                0x0000000000000000       0x18 hwlib.o
 .rodata._ZTVN5hwlib18all_from_pin_out_tE
                0x0000000000000000       0x10 hwlib.o
 .rodata._ZTVN5hwlib24pin_direct_from_in_out_tE
                0x0000000000000000       0x24 hwlib.o
 .rodata._ZTVN5hwlib20pin_direct_from_in_tE
                0x0000000000000000       0x10 hwlib.o
 .rodata._ZTVN5hwlib21pin_direct_from_out_tE
                0x0000000000000000       0x10 hwlib.o
 .rodata._ZTVN5hwlib20pin_direct_from_oc_tE
                0x0000000000000000       0x18 hwlib.o
 .rodata._ZTVN5hwlib18port_out_from_oc_tE
                0x0000000000000000       0x14 hwlib.o
 .rodata._ZTVN5hwlib19port_out_from_out_tE
                0x0000000000000000       0x14 hwlib.o
 .rodata._ZTVN5hwlib22port_out_from_in_out_tE
                0x0000000000000000       0x14 hwlib.o
 .rodata._ZTVN5hwlib17port_in_from_oc_tE
                0x0000000000000000       0x14 hwlib.o
 .rodata._ZTVN5hwlib17port_in_from_in_tE
                0x0000000000000000       0x14 hwlib.o
 .rodata._ZTVN5hwlib21port_in_from_in_out_tE
                0x0000000000000000       0x14 hwlib.o
 .rodata._ZTVN5hwlib21port_in_out_from_oc_tE
                0x0000000000000000       0x28 hwlib.o
 .rodata._ZTVN5hwlib25port_in_out_from_in_out_tE
                0x0000000000000000       0x28 hwlib.o
 .rodata._ZTVN5hwlib17port_oc_from_oc_tE
                0x0000000000000000       0x1c hwlib.o
 .rodata._ZTVN5hwlib23port_in_out_from_pins_tE
                0x0000000000000000       0x28 hwlib.o
 .rodata._ZTVN5hwlib19port_in_from_pins_tE
                0x0000000000000000       0x14 hwlib.o
 .rodata._ZTVN5hwlib20port_out_from_pins_tE
                0x0000000000000000       0x14 hwlib.o
 .rodata._ZTVN5hwlib23port_out_from_pins_oc_tE
                0x0000000000000000       0x14 hwlib.o
 .rodata._ZTVN5hwlib19port_oc_from_pins_tE
                0x0000000000000000       0x1c hwlib.o
 .rodata._ZTVN5hwlib25port_invert_from_in_out_tE
                0x0000000000000000       0x28 hwlib.o
 .rodata._ZTVN5hwlib21port_invert_from_in_tE
                0x0000000000000000       0x14 hwlib.o
 .rodata._ZTVN5hwlib22port_invert_from_out_tE
                0x0000000000000000       0x14 hwlib.o
 .rodata._ZTVN5hwlib21port_invert_from_oc_tE
                0x0000000000000000       0x1c hwlib.o
 .rodata._ZTVN5hwlib19all_from_port_out_tE
                0x0000000000000000       0x10 hwlib.o
 .rodata._ZTVN5hwlib25port_direct_from_in_out_tE
                0x0000000000000000       0x28 hwlib.o
 .rodata._ZTVN5hwlib21port_direct_from_in_tE
                0x0000000000000000       0x14 hwlib.o
 .rodata._ZTVN5hwlib22port_direct_from_out_tE
                0x0000000000000000       0x14 hwlib.o
 .rodata._ZTVN5hwlib21port_direct_from_oc_tE
                0x0000000000000000       0x1c hwlib.o
 .rodata._ZTVN5hwlib20cout_using_uart_putcE
                0x0000000000000000       0x10 hwlib.o
 .rodata._ZTVN5hwlib19cin_using_uart_getcE
                0x0000000000000000       0x14 hwlib.o
 .rodata._ZTVN5hwlib4lineE
                0x0000000000000000        0xc hwlib.o
 .rodata._ZTVN5hwlib6circleE
                0x0000000000000000        0xc hwlib.o
 .bss._ZN5hwlib11string_base5dummyE
                0x0000000000000000        0x1 hwlib.o
 .bss._ZN5hwlib18_equal_calls_countE
                0x0000000000000000        0x4 hwlib.o
 .bss._ZN5hwlib21_equal_failures_countE
                0x0000000000000000        0x4 hwlib.o
 .bss._ZZN3due9now_ticksEvE4high
                0x0000000000000000        0x8 hwlib.o
 .bss._ZZN3due9now_ticksEvE8last_low
                0x0000000000000000        0x4 hwlib.o
 .bss._ZZN3due9now_ticksEvE9init_done
                0x0000000000000000        0x1 hwlib.o
 .bss._ZZN3due9uart_initEvE9init_done
                0x0000000000000000        0x1 hwlib.o
 .bss._ZZN5hwlib4randEvE1n
                0x0000000000000000        0x4 hwlib.o
 .data._ZN3due7hw_uartE
                0x0000000000000000        0x4 hwlib.o
 .data._ZN5hwlib12pin_in_dummyE
                0x0000000000000000        0x4 hwlib.o
 .data._ZN5hwlib12pin_oc_dummyE
                0x0000000000000000        0x4 hwlib.o
 .data._ZN5hwlib13pin_out_dummyE
                0x0000000000000000        0x4 hwlib.o
 .data._ZN5hwlib16pin_in_out_dummyE
                0x0000000000000000        0x4 hwlib.o
 .data._ZN5hwlib3cinE
                0x0000000000000000        0x4 hwlib.o
 .data._ZN5hwlib4coutE
                0x0000000000000000       0x14 hwlib.o
 .data._ZN6sam3xa15SystemCoreClockE
                0x0000000000000000        0x4 hwlib.o
 .rodata._ZN3due8pin_infoENS_4pinsE.str1.1
                0x0000000000000000       0x37 hwlib.o
 .rodata._ZN5hwlib15font_16x16_dataE
                0x0000000000000000      0xbe4 hwlib.o
 .rodata._ZN5hwlib8test_endEv.str1.1
                0x0000000000000000       0x54 hwlib.o
 .rodata._ZN5hwliblsERNS_7ostreamENS_2xyE.str1.1
                0x0000000000000000        0x6 hwlib.o
 .rodata._ZN5hwliblsERNS_7ostreamERKNS_5colorE.str1.1
                0x0000000000000000       0x10 hwlib.o
 .rodata._ZZN3due11ad_pin_infoENS_7ad_pinsEE17ad_pin_info_array
                0x0000000000000000        0xc hwlib.o
 .rodata._ZZN3due11ad_seq_infoEmE12ad_seq_array
                0x0000000000000000       0x70 hwlib.o
 .rodata._ZZN3due8pin_infoENS_4pinsEE14pin_info_array
                0x0000000000000000       0xa4 hwlib.o
 .group         0x0000000000000000        0x8 main.o
 .group         0x0000000000000000        0x8 main.o
 .group         0x0000000000000000        0x8 main.o
 .group         0x0000000000000000        0x8 main.o
 .group         0x0000000000000000        0x8 main.o
 .group         0x0000000000000000        0x8 main.o
 .group         0x0000000000000000        0x8 main.o
 .group         0x0000000000000000        0x8 main.o
 .group         0x0000000000000000        0x8 main.o
 .group         0x0000000000000000        0x8 main.o
 .group         0x0000000000000000        0x8 main.o
 .group         0x0000000000000000        0x8 main.o
 .group         0x0000000000000000        0xc main.o
 .group         0x0000000000000000        0xc main.o
 .group         0x0000000000000000        0xc main.o
 .group         0x0000000000000000        0xc main.o
 .group         0x0000000000000000        0x8 main.o
 .group         0x0000000000000000        0x8 main.o
 .group         0x0000000000000000        0x8 main.o
 .group         0x0000000000000000        0x8 main.o
 .group         0x0000000000000000        0xc main.o
 .group         0x0000000000000000        0xc main.o
 .group         0x0000000000000000        0xc main.o
 .group         0x0000000000000000        0xc main.o
 .group         0x0000000000000000        0xc main.o
 .group         0x0000000000000000        0xc main.o
 .group         0x0000000000000000        0xc main.o
 .group         0x0000000000000000        0xc main.o
 .group         0x0000000000000000        0xc main.o
 .text          0x0000000000000000        0x0 main.o
 .data          0x0000000000000000        0x0 main.o
 .bss           0x0000000000000000        0x0 main.o
 .text._ZN5hwlib6window5writeENS_2xyENS_5colorE
                0x0000000000000000       0x3e main.o
 .text._ZN6sam3xa10SystemInitEv
                0x0000000000000000       0x7c main.o
 .text._ZN3due8pin_infoENS_4pinsE
                0x0000000000000000       0x20 main.o
 .text._ZN3due11ad_pin_infoENS_7ad_pinsE
                0x0000000000000000       0x1c main.o
 .text._ZN3due11ad_seq_infoEm
                0x0000000000000000       0x20 main.o
 .text._ZN3due14port_registersEm
                0x0000000000000000       0x54 main.o
 .text._ZN3due12ticks_per_usEv
                0x0000000000000000        0x6 main.o
 .text._ZN3due9now_ticksEv
                0x0000000000000000       0x80 main.o
 .text._ZN5hwlib9uart_putcEc
                0x0000000000000000        0x4 main.o
 .text._ZN5hwlib19uart_char_availableEv
                0x0000000000000000        0x4 main.o
 .text._ZN5hwlib9uart_getcEv
                0x0000000000000000        0x4 main.o
 .bss._ZZN3due9now_ticksEvE4high
                0x0000000000000000        0x8 main.o
 .bss._ZZN3due9now_ticksEvE8last_low
                0x0000000000000000        0x4 main.o
 .bss._ZZN3due9now_ticksEvE9init_done
                0x0000000000000000        0x1 main.o
 .data._ZN6sam3xa15SystemCoreClockE
                0x0000000000000000        0x4 main.o
 .rodata._ZN3due8pin_infoENS_4pinsE.str1.1
                0x0000000000000000       0x37 main.o
 .rodata._ZZN3due11ad_pin_infoENS_7ad_pinsEE17ad_pin_info_array
                0x0000000000000000        0xc main.o
 .rodata._ZZN3due11ad_seq_infoEmE12ad_seq_array
                0x0000000000000000       0x70 main.o
 .rodata._ZZN3due8pin_infoENS_4pinsEE14pin_info_array
                0x0000000000000000       0xa4 main.o
 .text          0x0000000000000000        0x0 bmptk_cortex.o
 .data          0x0000000000000000        0x0 bmptk_cortex.o
 .bss           0x0000000000000000        0x0 bmptk_cortex.o
 .text.__aeabi_idiv0
                0x0000000000000000        0x4 bmptk_cortex.o
 .text.__cxa_pure_virtual
                0x0000000000000000        0x2 bmptk_cortex.o
 COMMON         0x0000000000000000        0x4 bmptk_cortex.o
 .text          0x0000000000000000        0x0 bmptk_heap_none.o
 .data          0x0000000000000000        0x0 bmptk_heap_none.o
 .bss           0x0000000000000000        0x0 bmptk_heap_none.o
 .text.malloc   0x0000000000000000        0xa bmptk_heap_none.o
 .text.free     0x0000000000000000        0x4 bmptk_heap_none.o
 .comment       0x0000000000000000       0x80 bmptk_heap_none.o
 .text          0x0000000000000000        0x0 bmptk_fixed_size_stack.o
 .data          0x0000000000000000        0x0 bmptk_fixed_size_stack.o
 .bss           0x0000000000000000        0x0 bmptk_fixed_size_stack.o
 .data          0x0000000000000000        0x0 /usr/bin/../lib/gcc/arm-none-eabi/7.3.1/thumb/v7-m/libgcc.a(_aeabi_uldivmod.o)
 .bss           0x0000000000000000        0x0 /usr/bin/../lib/gcc/arm-none-eabi/7.3.1/thumb/v7-m/libgcc.a(_aeabi_uldivmod.o)
 .data          0x0000000000000000        0x0 /usr/bin/../lib/gcc/arm-none-eabi/7.3.1/thumb/v7-m/libgcc.a(_udivmoddi4.o)
 .bss           0x0000000000000000        0x0 /usr/bin/../lib/gcc/arm-none-eabi/7.3.1/thumb/v7-m/libgcc.a(_udivmoddi4.o)
 .ARM.extab     0x0000000000000000        0x0 /usr/bin/../lib/gcc/arm-none-eabi/7.3.1/thumb/v7-m/libgcc.a(_udivmoddi4.o)
 .data          0x0000000000000000        0x0 /usr/bin/../lib/gcc/arm-none-eabi/7.3.1/thumb/v7-m/libgcc.a(_dvmd_tls.o)
 .bss           0x0000000000000000        0x0 /usr/bin/../lib/gcc/arm-none-eabi/7.3.1/thumb/v7-m/libgcc.a(_dvmd_tls.o)

Memory Configuration

Name             Origin             Length             Attributes
rom              0x0000000000000000 0x0000000000080000 xr
ram              0x0000000020000000 0x0000000000018000 xrw
nul              0x0000000020018000 0x0000000000000000 xrw
*default*        0x0000000000000000 0xffffffffffffffff

Linker script and memory map

LOAD /usr/bin/../lib/gcc/arm-none-eabi/7.3.1/thumb/v7-m/libgcc.a
LOAD filled_rectangle.o
LOAD rectangle.o
LOAD images.o
LOAD hwlib.o
LOAD main.o
LOAD bmptk_cortex.o
LOAD bmptk_heap_none.o
LOAD bmptk_fixed_size_stack.o
LOAD /usr/bin/../lib/gcc/arm-none-eabi/7.3.1/../../../../arm-none-eabi/lib/thumb/v7-m/libm.a
LOAD /usr/bin/../lib/gcc/arm-none-eabi/7.3.1/thumb/v7-m/libgcc.a
LOAD /usr/bin/../lib/gcc/arm-none-eabi/7.3.1/../../../../arm-none-eabi/lib/thumb/v7-m/libc.a
                0x0000000000000000                __rom_start = ORIGIN (rom)
                0x0000000000080000                __rom_size = LENGTH (rom)
                0x0000000000080000                __rom_end = (__rom_start + __rom_size)
                0x0000000020000000                __ram_start = ORIGIN (ram)
                0x0000000000018000                __ram_size = LENGTH (ram)
                0x0000000020018000                __ram_end = (__ram_start + __ram_size)
                [!provide]                        PROVIDE (__rom_start = __rom_start)
                [!provide]                        PROVIDE (__rom_size = __rom_size)
                [!provide]                        PROVIDE (__rom_end = __rom_end)
                [!provide]                        PROVIDE (__ram_start = __ram_start)
                [!provide]                        PROVIDE (__ram_size = __ram_size)
                [!provide]                        PROVIDE (__ram_end = __ram_end)

.text           0x0000000000000000     0x2620
                0x0000000000000000                . = ALIGN (0x4)
                0x0000000000000000                __text_start = .
                [!provide]                        PROVIDE (__text_start = __text_start)
                0x0000000000000000                . = ALIGN (0x4)
 *(.vectors)
 .vectors       0x0000000000000000       0x20 bmptk_cortex.o
                0x0000000000000000                __vectors
                0x0000000000000020                . = ALIGN (0x4)
 *(.text .text.* .gnu.linkonce.t.*)
 .text._ZN6sam3xa10SystemInitEv
                0x0000000000000020       0x7c filled_rectangle.o
                0x0000000000000020                sam3xa::SystemInit()
 .text._ZN3due8pin_infoENS_4pinsE
                0x000000000000009c       0x20 filled_rectangle.o
                0x000000000000009c                due::pin_info(due::pins)
 .text._ZN3due14port_registersEm
                0x00000000000000bc       0x54 filled_rectangle.o
                0x00000000000000bc                due::port_registers(unsigned long)
 .text._ZN3due12ticks_per_usEv
                0x0000000000000110        0x6 filled_rectangle.o
                0x0000000000000110                due::ticks_per_us()
 *fill*         0x0000000000000116        0x2 
 .text._ZN3due9now_ticksEv
                0x0000000000000118       0x80 filled_rectangle.o
                0x0000000000000118                due::now_ticks()
 .text._ZN16filled_rectangle5printEv
                0x0000000000000198       0x62 filled_rectangle.o
                0x0000000000000198                filled_rectangle::print()
 .text._ZN5hwlib4line4drawERNS_6windowE
                0x00000000000001fa      0x104 rectangle.o
                0x00000000000001fa                hwlib::line::draw(hwlib::window&)
 *fill*         0x00000000000002fe        0x2 
 .text._ZN9rectangle5printEv
                0x0000000000000300       0x7c rectangle.o
                0x0000000000000300                rectangle::print()
 .text._ZN5hwlib8terminal10cursor_setENS_2xyE
                0x000000000000037c       0x28 images.o
                0x000000000000037c                hwlib::terminal::cursor_set(hwlib::xy)
 .text._ZN5hwlib13terminal_from25cursor_set_implementationENS_2xyE
                0x00000000000003a4       0x28 images.o
                0x00000000000003a4                hwlib::terminal_from::cursor_set_implementation(hwlib::xy)
 .text._ZN5hwlib13terminal_from5clearEv
                0x00000000000003cc       0x28 images.o
                0x00000000000003cc                hwlib::terminal_from::clear()
 .text._ZN5hwlib13terminal_from5flushEv
                0x00000000000003f4        0x8 images.o
                0x00000000000003f4                hwlib::terminal_from::flush()
 .text._ZNK5hwlib16font_default_8x8ixEc
                0x00000000000003fc       0x14 images.o
                0x00000000000003fc                hwlib::font_default_8x8::operator[](char) const
 .text._ZN5hwliblsERNS_7ostreamENS_6_flushE.isra.0
                0x0000000000000410        0xe images.o
 .text._ZN5hwlib8terminal4putcEc
                0x000000000000041e       0xde images.o
                0x000000000000041e                hwlib::terminal::putc(char)
 .text._ZN5hwlib7ostream6fillerEi
                0x00000000000004fc       0x1a images.o
                0x00000000000004fc                hwlib::ostream::filler(int)
 .text._ZN5hwliblsERNS_7ostreamEPKc
                0x0000000000000516       0x54 images.o
                0x0000000000000516                hwlib::operator<<(hwlib::ostream&, char const*)
 .text._ZN5hwlib6window5writeENS_2xyENS_5colorE
                0x000000000000056a       0x3e images.o
                0x000000000000056a                hwlib::window::write(hwlib::xy, hwlib::color)
 .text._ZN5hwlib6circle4drawERNS_6windowE
                0x00000000000005a8      0x18a images.o
                0x00000000000005a8                hwlib::circle::draw(hwlib::window&)
 .text._ZN5hwlib6window5writeENS_2xyERKNS_5imageE
                0x0000000000000732       0x88 images.o
                0x0000000000000732                hwlib::window::write(hwlib::xy, hwlib::image const&)
 .text._ZN5hwlib13terminal_from19putc_implementationEc
                0x00000000000007ba       0x2e images.o
                0x00000000000007ba                hwlib::terminal_from::putc_implementation(char)
 .text._ZN5hwlib13terminal_fromC2ERNS_6windowERKNS_4fontE
                0x00000000000007e8       0x58 images.o
                0x00000000000007e8                hwlib::terminal_from::terminal_from(hwlib::window&, hwlib::font const&)
                0x00000000000007e8                hwlib::terminal_from::terminal_from(hwlib::window&, hwlib::font const&)
 .text._ZN6images7snowmanEv
                0x0000000000000840      0x188 images.o
                0x0000000000000840                images::snowman()
 .text._ZN6images5trainEv
                0x00000000000009c8      0x348 images.o
                0x00000000000009c8                images::train()
 .text._ZN6images5houseEv
                0x0000000000000d10      0x3b0 images.o
                0x0000000000000d10                images::house()
 .text._ZNK5hwlib14image_invert_t18get_implementationENS_2xyE
                0x00000000000010c0       0x8a hwlib.o
                0x00000000000010c0                hwlib::image_invert_t::get_implementation(hwlib::xy) const
 *fill*         0x000000000000114a        0x2 
 .text._ZNK5hwlib9image_8x818get_implementationENS_2xyE
                0x000000000000114c       0x44 hwlib.o
                0x000000000000114c                hwlib::image_8x8::get_implementation(hwlib::xy) const
 .text._ZN5hwlib5panicEPKcj
                0x0000000000001190        0x2 hwlib.o
                0x0000000000001190                hwlib::panic(char const*, unsigned int)
 .text._ZN5hwlib3allENS_2xyE
                0x0000000000001192       0x16 hwlib.o
                0x0000000000001192                hwlib::all(hwlib::xy)
 .text._ZN5hwlib6invertERKNS_5imageE
                0x00000000000011a8       0x18 hwlib.o
                0x00000000000011a8                hwlib::invert(hwlib::image const&)
 .text._ZN5hwlib6now_usEv
                0x00000000000011c0       0x1c hwlib.o
                0x00000000000011c0                hwlib::now_us()
 .text._ZN5hwlib12wait_us_busyEi
                0x00000000000011dc       0x1c hwlib.o
                0x00000000000011dc                hwlib::wait_us_busy(int)
 .text._ZN5hwlib7wait_usEi
                0x00000000000011f8        0x8 hwlib.o
                0x00000000000011f8                hwlib::wait_us(int)
 .text._ZN5hwlib12wait_ms_busyEi
                0x0000000000001200       0x16 hwlib.o
                0x0000000000001200                hwlib::wait_ms_busy(int)
 .text._ZN5hwlib7wait_msEi
                0x0000000000001216        0x8 hwlib.o
                0x0000000000001216                hwlib::wait_ms(int)
 .text._ZN5hwlib14i2c_primitives8read_ackEv
                0x000000000000121e       0x10 main.o
                0x000000000000121e                hwlib::i2c_primitives::read_ack()
 .text._ZN5hwlib14i2c_primitives9write_ackEv
                0x000000000000122e        0x8 main.o
                0x000000000000122e                hwlib::i2c_primitives::write_ack()
 .text._ZN5hwlib14i2c_primitives10write_nackEv
                0x0000000000001236        0x8 main.o
                0x0000000000001236                hwlib::i2c_primitives::write_nack()
 .text._ZN5hwlib14i2c_primitives5writeEh
                0x000000000000123e       0x1c main.o
                0x000000000000123e                hwlib::i2c_primitives::write(unsigned char)
 .text._ZN5hwlib14i2c_primitives5writeEPKhj
                0x000000000000125a       0x24 main.o
                0x000000000000125a                hwlib::i2c_primitives::write(unsigned char const*, unsigned int)
 .text._ZN5hwlib14i2c_primitives9read_byteEv
                0x000000000000127e       0x20 main.o
                0x000000000000127e                hwlib::i2c_primitives::read_byte()
 .text._ZN5hwlib14i2c_primitives4readEbPhj
                0x000000000000129e       0x36 main.o
                0x000000000000129e                hwlib::i2c_primitives::read(bool, unsigned char*, unsigned int)
 .text._ZN5hwlib29glcd_oled_i2c_128x64_buffered20write_implementationENS_2xyENS_5colorE
                0x00000000000012d4       0x64 main.o
                0x00000000000012d4                hwlib::glcd_oled_i2c_128x64_buffered::write_implementation(hwlib::xy, hwlib::color)
 .text._ZN3due6pin_oc4readEv
                0x0000000000001338       0x10 main.o
                0x0000000000001338                due::pin_oc::read()
 .text._ZN3due6pin_oc5writeEb
                0x0000000000001348       0x10 main.o
                0x0000000000001348                due::pin_oc::write(bool)
 .text._ZN3due6pin_oc5flushEv
                0x0000000000001358        0x2 main.o
                0x0000000000001358                due::pin_oc::flush()
 .text._ZN3due6pin_oc7refreshEv
                0x000000000000135a        0x2 main.o
                0x000000000000135a                due::pin_oc::refresh()
 .text._ZN5hwlib26i2c_bus_bit_banged_scl_sda16wait_half_periodEv.isra.0
                0x000000000000135c        0x6 main.o
 .text._ZN5hwlib26i2c_bus_bit_banged_scl_sda10write_stopEv
                0x0000000000001362       0x60 main.o
                0x0000000000001362                hwlib::i2c_bus_bit_banged_scl_sda::write_stop()
 .text._ZN5hwlib26i2c_bus_bit_banged_scl_sda11write_startEv
                0x00000000000013c2       0x34 main.o
                0x00000000000013c2                hwlib::i2c_bus_bit_banged_scl_sda::write_start()
 .text._ZN5hwlib26i2c_bus_bit_banged_scl_sda8read_bitEv
                0x00000000000013f6       0x68 main.o
                0x00000000000013f6                hwlib::i2c_bus_bit_banged_scl_sda::read_bit()
 .text._ZN5hwlib26i2c_bus_bit_banged_scl_sda9write_bitEb
                0x000000000000145e       0x52 main.o
                0x000000000000145e                hwlib::i2c_bus_bit_banged_scl_sda::write_bit(bool)
 .text._ZN5hwlib21i2c_write_transactionC2ERNS_14i2c_primitivesEj
                0x00000000000014b0       0x24 main.o
                0x00000000000014b0                hwlib::i2c_write_transaction::i2c_write_transaction(hwlib::i2c_primitives&, unsigned int)
                0x00000000000014b0                hwlib::i2c_write_transaction::i2c_write_transaction(hwlib::i2c_primitives&, unsigned int)
 .text._ZN5hwlib21i2c_write_transaction5writeEPKhj
                0x00000000000014d4        0x8 main.o
                0x00000000000014d4                hwlib::i2c_write_transaction::write(unsigned char const*, unsigned int)
 .text._ZN5hwlib21i2c_write_transactionD2Ev
                0x00000000000014dc       0x18 main.o
                0x00000000000014dc                hwlib::i2c_write_transaction::~i2c_write_transaction()
                0x00000000000014dc                hwlib::i2c_write_transaction::~i2c_write_transaction()
 .text._ZN5hwlib6window5clearENS_5colorE
                0x00000000000014f4       0x46 main.o
                0x00000000000014f4                hwlib::window::clear(hwlib::color)
 .text._ZN5hwlib6window5clearEv
                0x000000000000153a       0x44 main.o
                0x000000000000153a                hwlib::window::clear()
 .text._ZN5hwlib11ssd1306_i2c7commandENS_16ssd1306_commandsEhh
                0x000000000000157e       0x3c main.o
                0x000000000000157e                hwlib::ssd1306_i2c::command(hwlib::ssd1306_commands, unsigned char, unsigned char)
 .text._ZN5hwlib29glcd_oled_i2c_128x64_buffered5flushEv
                0x00000000000015ba       0x58 main.o
                0x00000000000015ba                hwlib::glcd_oled_i2c_128x64_buffered::flush()
 *fill*         0x0000000000001612        0x2 
 .text._ZN3due6pin_ocC2ENS_4pinsE
                0x0000000000001614       0x34 main.o
                0x0000000000001614                due::pin_oc::pin_oc(due::pins)
                0x0000000000001614                due::pin_oc::pin_oc(due::pins)
 .text.startup.main
                0x0000000000001648       0xb4 main.o
                0x0000000000001648                main
 .text.__startup
                0x00000000000016fc       0x48 bmptk_cortex.o
                0x00000000000016fc                __startup
 .text          0x0000000000001744       0x30 /usr/bin/../lib/gcc/arm-none-eabi/7.3.1/thumb/v7-m/libgcc.a(_aeabi_uldivmod.o)
                0x0000000000001744                __aeabi_uldivmod
 .text          0x0000000000001774      0x2d0 /usr/bin/../lib/gcc/arm-none-eabi/7.3.1/thumb/v7-m/libgcc.a(_udivmoddi4.o)
                0x0000000000001774                __udivmoddi4
 .text          0x0000000000001a44        0x4 /usr/bin/../lib/gcc/arm-none-eabi/7.3.1/thumb/v7-m/libgcc.a(_dvmd_tls.o)
                0x0000000000001a44                __aeabi_ldiv0
                0x0000000000001a48                . = ALIGN (0x4)
 *(.glue_7t .glue_7)
 .glue_7        0x0000000000001a48        0x0 linker stubs
 .glue_7t       0x0000000000001a48        0x0 linker stubs
                0x0000000000001a48                . = ALIGN (0x4)
 *(.rodata .rodata.* .gnu.linkonce.r.*)
 .rodata._ZN3due8pin_infoENS_4pinsE.str1.1
                0x0000000000001a48       0x37 filled_rectangle.o
 .rodata._ZZN3due8pin_infoENS_4pinsEE14pin_info_array
                0x0000000000001a7f       0xa4 filled_rectangle.o
 *fill*         0x0000000000001b23        0x1 
 .rodata._ZTVN5hwlib4lineE
                0x0000000000001b24        0xc rectangle.o
                0x0000000000001b24                vtable for hwlib::line
 .rodata._ZTVN5hwlib6circleE
                0x0000000000001b30        0xc images.o
                0x0000000000001b30                vtable for hwlib::circle
 .rodata._ZTVN5hwlib13terminal_fromE
                0x0000000000001b3c       0x20 images.o
                0x0000000000001b3c                vtable for hwlib::terminal_from
 .rodata._ZTVN5hwlib16font_default_8x8E
                0x0000000000001b5c        0xc images.o
                0x0000000000001b5c                vtable for hwlib::font_default_8x8
 .rodata._ZN6images5houseEv.str1.1
                0x0000000000001b68        0x2 images.o
 .rodata._ZN6images5trainEv.str1.1
                0x0000000000001b6a        0x2 images.o
 .rodata._ZN6images7snowmanEv.str1.1
                0x0000000000001b6c        0x4 images.o
 .rodata._ZTVN5hwlib14image_invert_tE
                0x0000000000001b70        0xc hwlib.o
                0x0000000000001b70                vtable for hwlib::image_invert_t
 .rodata._ZTVN5hwlib9image_8x8E
                0x0000000000001b7c        0xc hwlib.o
                0x0000000000001b7c                vtable for hwlib::image_8x8
 .rodata._ZN5hwlib16font_default_8x86imagesE
                0x0000000000001b88      0xa00 hwlib.o
                0x0000000000001b88                hwlib::font_default_8x8::images
 .rodata._ZN5hwlibL5blackE
                0x0000000000002588        0x4 hwlib.o
 .rodata._ZN5hwlibL5whiteE
                0x000000000000258c        0x4 hwlib.o
 .rodata._ZTVN5hwlib26i2c_bus_bit_banged_scl_sdaE
                0x0000000000002590       0x34 main.o
                0x0000000000002590                vtable for hwlib::i2c_bus_bit_banged_scl_sda
 .rodata._ZTVN5hwlib29glcd_oled_i2c_128x64_bufferedE
                0x00000000000025c4       0x18 main.o
                0x00000000000025c4                vtable for hwlib::glcd_oled_i2c_128x64_buffered
 .rodata._ZTVN3due6pin_ocE
                0x00000000000025dc       0x18 main.o
                0x00000000000025dc                vtable for due::pin_oc
 .rodata._ZN5hwlibL22ssd1306_initializationE
                0x00000000000025f4       0x29 main.o
                0x0000000000002620                . = ALIGN (0x4)
 *fill*         0x000000000000261d        0x3 
 *(.ARM.extab* .gnu.linkonce.armextab.*)
                0x0000000000002620                . = ALIGN (0x4)
 *(.gcc_except_table)
                0x0000000000002620                . = ALIGN (0x4)
 *(.eh_frame_hdr)
                0x0000000000002620                . = ALIGN (0x4)
 *(.eh_frame)
                0x0000000000002620                . = ALIGN (0x4)
                0x0000000000002620                __text_end = .
                [!provide]                        PROVIDE (__text_end = __text_end)

.vfp11_veneer   0x0000000000002620        0x0
 .vfp11_veneer  0x0000000000002620        0x0 linker stubs

.v4_bx          0x0000000000002620        0x0
 .v4_bx         0x0000000000002620        0x0 linker stubs

.iplt           0x0000000000002620        0x0
 .iplt          0x0000000000002620        0x0 filled_rectangle.o

.IF_YOU_SEE_THIS_YOU_HAVE_ONE_OR_MORE_GLOBAL_OBJECT_CONSTRUCTORS
 *(.init)
 *(.preinit_array)
 *(SORT_BY_NAME(.init_array.*))
 *(.init_array)
                0x0000000000002620                . = ALIGN (0x4)
                0x0000000000002620                __exidx_start = .
                [!provide]                        PROVIDE (__exidx_start = __exidx_start)

.ARM.exidx      0x0000000000002620        0x8
 *(.ARM.exidx* .gnu.linkonce.armexidx.*)
 .ARM.exidx     0x0000000000002620        0x8 /usr/bin/../lib/gcc/arm-none-eabi/7.3.1/thumb/v7-m/libgcc.a(_udivmoddi4.o)

.rel.dyn        0x0000000000002628        0x0
 .rel.iplt      0x0000000000002628        0x0 filled_rectangle.o
                0x0000000000002628                . = ALIGN (0x4)
                0x0000000000002628                __exidx_end = .
                [!provide]                        PROVIDE (__exidx_end = __exidx_end)

.bss            0x0000000020000000    0x12010
                0x0000000020000000                . = ALIGN (0x4)
                0x0000000020000000                __stack_start = .
                [!provide]                        PROVIDE (__stack_start = __stack_start)
                0x0000000020000000                . = ALIGN (0x4)
 *(.bmptk_stack)
 .bmptk_stack   0x0000000020000000    0x12000 bmptk_fixed_size_stack.o
                0x0000000020000000                bmptk_stack
                0x0000000020012000                . = ALIGN (0x8)
                0x0000000020012000                __main_stack_end = .
                [!provide]                        PROVIDE (__main_stack_end = __main_stack_end)
                0x0000000020012000                . = ALIGN (0x4)
                0x0000000020012000                __stack_end = .
                [!provide]                        PROVIDE (__stack_end = __stack_end)
                0x0000000020012000                . = ALIGN (0x4)
                0x0000000020012000                __bss_start = .
                [!provide]                        PROVIDE (__bss_start = __bss_start)
                0x0000000020012000                . = ALIGN (0x4)
 *(.bss .bss.* .gnu.linkonce.b.*)
 .bss._ZZN3due9now_ticksEvE4high
                0x0000000020012000        0x8 filled_rectangle.o
 .bss._ZZN3due9now_ticksEvE8last_low
                0x0000000020012008        0x4 filled_rectangle.o
 .bss._ZZN3due9now_ticksEvE9init_done
                0x000000002001200c        0x1 filled_rectangle.o
                0x0000000020012010                . = ALIGN (0x4)
 *fill*         0x000000002001200d        0x3 
 *(COMMON)
                0x0000000020012010                . = ALIGN (0x4)
                0x0000000020012010                __bss_end = .
                [!provide]                        PROVIDE (__bss_end = __bss_end)

.data           0x0000000020012010        0x4 load address 0x0000000000002628
                0x0000000020012010                . = ALIGN (0x4)
                0x0000000000002628                __data_init_start = LOADADDR (.data)
                [!provide]                        PROVIDE (__data_init_start = __data_init_start)
                0x0000000020012010                __data_start = .
                [!provide]                        PROVIDE (__data_start = __data_start)
                0x0000000020012010                . = ALIGN (0x4)
 *(.data .data.* .gnu.linkonce.d.*)
 .data._ZN6sam3xa15SystemCoreClockE
                0x0000000020012010        0x4 filled_rectangle.o
                0x0000000020012010                sam3xa::SystemCoreClock
                0x0000000020012014                . = ALIGN (0x4)
                0x0000000020012014                __data_end = .
                [!provide]                        PROVIDE (__data_end = __data_end)
                0x0000000000002628                __data_init_end = LOADADDR (.data)
                [!provide]                        PROVIDE (__data_init_end = __data_init_end)
                [!provide]                        PROVIDE (__data_size = (__data_end - __data_start))
                [!provide]                        PROVIDE (__data_init_size = __data_size)
                [!provide]                        PROVIDE (__data_init_end = (__data_init_start + __data_init_size))

.igot.plt       0x0000000020012014        0x0 load address 0x000000000000262c
 .igot.plt      0x0000000020012014        0x0 filled_rectangle.o
                0x0000000020012014                . = ALIGN (0x4)
                0x0000000020012014                __heap_start = .
                [!provide]                        PROVIDE (__heap_start = __heap_start)
                0x0000000020012014                . = ALIGN (0x4)
                0x0000000020018000                __heap_end = __ram_end
                [!provide]                        PROVIDE (__heap_end = __heap_end)

.stab
 *(.stab)

.stabstr
 *(.stabstr)

.debug
 *(.debug)

.line
 *(.line)

.debug_srcinfo
 *(.debug_srcinfo)

.debug_sfnames
 *(.debug_sfnames)

.debug_aranges
 *(.debug_aranges)

.debug_pubnames
 *(.debug_pubnames)

.debug_info
 *(.debug_info .gnu.linkonce.wi.*)

.debug_abbrev
 *(.debug_abbrev)

.debug_line
 *(.debug_line)

.debug_frame    0x0000000000000000       0x60
 *(.debug_frame)
 .debug_frame   0x0000000000000000       0x2c /usr/bin/../lib/gcc/arm-none-eabi/7.3.1/thumb/v7-m/libgcc.a(_aeabi_uldivmod.o)
 .debug_frame   0x000000000000002c       0x34 /usr/bin/../lib/gcc/arm-none-eabi/7.3.1/thumb/v7-m/libgcc.a(_udivmoddi4.o)

.comment        0x0000000000000000       0x7f
 .comment       0x0000000000000000       0x7f filled_rectangle.o
                                         0x80 (size before relaxing)
 .comment       0x000000000000007f       0x80 rectangle.o
 .comment       0x000000000000007f       0x80 images.o
 .comment       0x000000000000007f       0x80 hwlib.o
 .comment       0x000000000000007f       0x80 main.o
 .comment       0x000000000000007f       0x80 bmptk_cortex.o
 .comment       0x000000000000007f       0x80 bmptk_fixed_size_stack.o

.debug_str
 *(.debug_str)

.debug_loc
 *(.debug_loc)

.debug_macinfo
 *(.debug_macinfo)

.debug_weaknames
 *(.debug_weaknames)

.debug_funcnames
 *(.debug_funcnames)

.debug_typenames
 *(.debug_typenames)

.debug_varnames
 *(.debug_varnames)

.note.gnu.arm.ident
 *(.note.gnu.arm.ident)

.ARM.attributes
                0x0000000000000000       0x33
 *(.ARM.attributes)
 .ARM.attributes
                0x0000000000000000       0x33 filled_rectangle.o
 .ARM.attributes
                0x0000000000000033       0x33 rectangle.o
 .ARM.attributes
                0x0000000000000066       0x33 images.o
 .ARM.attributes
                0x0000000000000099       0x33 hwlib.o
 .ARM.attributes
                0x00000000000000cc       0x33 main.o
 .ARM.attributes
                0x00000000000000ff       0x33 bmptk_cortex.o
 .ARM.attributes
                0x0000000000000132       0x33 bmptk_heap_none.o
 .ARM.attributes
                0x0000000000000165       0x33 bmptk_fixed_size_stack.o
 .ARM.attributes
                0x0000000000000198       0x1d /usr/bin/../lib/gcc/arm-none-eabi/7.3.1/thumb/v7-m/libgcc.a(_aeabi_uldivmod.o)
 .ARM.attributes
                0x00000000000001b5       0x2d /usr/bin/../lib/gcc/arm-none-eabi/7.3.1/thumb/v7-m/libgcc.a(_udivmoddi4.o)
 .ARM.attributes
                0x00000000000001e2       0x1d /usr/bin/../lib/gcc/arm-none-eabi/7.3.1/thumb/v7-m/libgcc.a(_dvmd_tls.o)

/DISCARD/
 *(.note.GNU-stack)
                [!provide]                        PROVIDE (__text_size = (__text_end - __text_start))
                [!provide]                        PROVIDE (__exidx_size = (__exidx_end - __exidx_start))
                [!provide]                        PROVIDE (__bss_size = (__bss_end - __bss_start))
                [!provide]                        PROVIDE (__stack_size = (__stack_end - __stack_start))
                [!provide]                        PROVIDE (__heap_size = (__heap_end - __heap_start))
OUTPUT(main.elf elf32-littlearm)
